C:\Users\omarp\Documents\MCUXpressoIDE_11.9.0_2144\workspace\FunctionGenerator\CMSIS/core_cm0plus.h:745:22:NVIC_EnableIRQ	16	static
C:\Users\omarp\Documents\MCUXpressoIDE_11.9.0_2144\workspace\FunctionGenerator\CMSIS/core_cm0plus.h:846:22:NVIC_SystemReset	8	static
../source/FunctionGenerator.c:50:5:main	56	static
../source/FunctionGenerator.c:187:6:generateSawtooth	24	static
../source/FunctionGenerator.c:215:6:generateSinewave	24	static
../source/FunctionGenerator.c:243:6:generateMaxMin	16	static
../source/FunctionGenerator.c:274:6:keypad_init	8	static
../source/FunctionGenerator.c:287:6:keypad_getkey	24	static
../source/FunctionGenerator.c:342:6:LCD_init	8	static
../source/FunctionGenerator.c:377:6:LCD_ready	16	static
../source/FunctionGenerator.c:393:6:LCD_command	16	static
../source/FunctionGenerator.c:407:6:LCD_command_noWait	16	static
../source/FunctionGenerator.c:420:6:LCD_data	16	static
../source/FunctionGenerator.c:436:6:displayMessage	24	static
../source/FunctionGenerator.c:446:6:button_init	8	static
../source/FunctionGenerator.c:456:6:PORTA_IRQHandler	8	static
../source/FunctionGenerator.c:469:6:DAC0_init	8	static
../source/FunctionGenerator.c:475:6:delayUs	24	static
../source/FunctionGenerator.c:482:6:delayMs	24	static
../source/FunctionGenerator.c:489:6:delayPar	32	static
